// Jest Snapshot v1, https://goo.gl/fbAQLP

exports[`App Component renders 1`] = `
<div
  className="App"
>
  <div
    style={
      Object {
        "marginBottom": "20px",
      }
    }
  >
    <h1>
      Find the median primes
    </h1>
  </div>
  <div
    className="form-container"
  >
    <ForwardRef(Bootstrap(Form))
      onSubmit={[Function]}
    >
      <ForwardRef(Bootstrap(FormRow))>
        <ForwardRef(Bootstrap(Col))>
          <ForwardRef(ContextTransform)
            autoComplete="off"
            id="limit"
            name="limit"
            onChange={[Function]}
            placeholder="Enter a number"
            style={
              Object {
                "marginBottom": "10px",
              }
            }
            value=""
          />
        </ForwardRef(Bootstrap(Col))>
        <ForwardRef(Bootstrap(Col))
          xs={2}
        >
          <ForwardRef(Bootstrap(Button))
            id="submit-btn"
            type="submit"
            variant="primary"
          >
            Get
          </ForwardRef(Bootstrap(Button))>
        </ForwardRef(Bootstrap(Col))>
      </ForwardRef(Bootstrap(FormRow))>
    </ForwardRef(Bootstrap(Form))>
  </div>
</div>
`;
