// Jest Snapshot v1, https://goo.gl/fbAQLP

exports[`Results Component renders 1`] = `
<div
  style={
    Object {
      "fontSize": "20px",
    }
  }
>
  <p>
    The median prime(s): 
    2,3
  </p>
</div>
`;
